
> temp-app@0.1.0 build
> next build

  Γû▓ Next.js 14.2.35

   Creating an optimized production build ...
npm : <w> [webpack.cache.PackFileCacheStrategy] Skipped not serializable cache item 
'Compilation/modules|E:\wescalebusiness Website\node_modules\next\dist\build\webpack\loaders\css-loader\src\index.js??r
uleSet[1].rules[14].oneOf[12].use[2]!E:\wescalebusiness Website\node_modules\next\dist\build\webpack\loaders\postcss-lo
ader\src\index.js??ruleSet[1].rules[14].oneOf[12].use[3]!E:\wescalebusiness Website\src\app\globals.css': No 
serializer registered for PostCSSSyntaxError
At line:1 char:1
+ npm run build > build_output.txt 2>&1; Get-Content build_output.txt - ...
+ ~~~~~~~~~~~~~~~~~~~~~~~~~~~~~~~~~~~~~
    + CategoryInfo          : NotSpecified: (<w> [webpack.ca...tCSSSyntaxError:String) [], RemoteException
    + FullyQualifiedErrorId : NativeCommandError
 
<w> while serializing webpack/lib/cache/PackFileCacheStrategy.PackContentItems -> webpack/lib/NormalModule -> 
webpack/lib/ModuleBuildError -> PostCSSSyntaxError
Failed to compile.

./src/app/globals.css:2:1
Syntax error: E:\wescalebusiness Website\src\app\globals.css The `outline-ring/50` class does not exist. If 
`outline-ring/50` is a custom class, make sure it is defined within a `@layer` directive.

 [90m 1 | [39m
[1m[31m>[39m[22m[90m 2 | [39m[36m@tailwind[39m base[33m;[39m
 [90m   | [39m[1m[31m^[39m[22m
 [90m 3 | [39m[36m@tailwind[39m components[33m;[39m
 [90m 4 | [39m[36m@tailwind[39m utilities[33m;[39m

./src/app/globals.css
Error: Cannot find module 'tailwindcss-animate'
Require stack:
- E:\wescalebusiness Website\tailwind.config.ts
    at Module._resolveFilename (node:internal/modules/cjs/loader:1212:15)
    at E:\wescalebusiness Website\node_modules\next\dist\server\require-hook.js:55:36
    at Function.resolve (node:internal/modules/helpers:193:19)
    at _resolve (E:\wescalebusiness Website\node_modules\jiti\dist\jiti.js:1:246378)
    at jiti (E:\wescalebusiness Website\node_modules\jiti\dist\jiti.js:1:249092)
    at E:\wescalebusiness Website\tailwind.config.ts:37:13
    at evalModule (E:\wescalebusiness Website\node_modules\jiti\dist\jiti.js:1:251913)
    at jiti (E:\wescalebusiness Website\node_modules\jiti\dist\jiti.js:1:249841)
    at E:\wescalebusiness Website\node_modules\tailwindcss\lib\lib\load-config.js:53:30
    at loadConfig (E:\wescalebusiness Website\node_modules\tailwindcss\lib\lib\load-config.js:55:6)
    at tryRunOrWebpackError (E:\wescalebusiness Website\node_modules\next\dist\compiled\webpack\bundle5.js:28:312989)
    at __webpack_require_module__ (E:\wescalebusiness 
Website\node_modules\next\dist\compiled\webpack\bundle5.js:28:131165)
    at __nested_webpack_require_153728__ (E:\wescalebusiness 
Website\node_modules\next\dist\compiled\webpack\bundle5.js:28:130607)
    at E:\wescalebusiness Website\node_modules\next\dist\compiled\webpack\bundle5.js:28:131454
    at symbolIterator (E:\wescalebusiness Website\node_modules\next\dist\compiled\neo-async\async.js:1:14444)
    at done (E:\wescalebusiness Website\node_modules\next\dist\compiled\neo-async\async.js:1:14824)
    at Hook.eval [as callAsync] (eval at create (E:\wescalebusiness 
Website\node_modules\next\dist\compiled\webpack\bundle5.js:13:28858), <anonymous>:15:1)
    at Hook.CALL_ASYNC_DELEGATE [as _callAsync] (E:\wescalebusiness 
Website\node_modules\next\dist\compiled\webpack\bundle5.js:13:26012)
    at E:\wescalebusiness Website\node_modules\next\dist\compiled\webpack\bundle5.js:28:130328
    at symbolIterator (E:\wescalebusiness Website\node_modules\next\dist\compiled\neo-async\async.js:1:14402)
-- inner error --
Error: Cannot find module 'tailwindcss-animate'
Require stack:
- E:\wescalebusiness Website\tailwind.config.ts
    at Module._resolveFilename (node:internal/modules/cjs/loader:1212:15)
    at E:\wescalebusiness Website\node_modules\next\dist\server\require-hook.js:55:36
    at Function.resolve (node:internal/modules/helpers:193:19)
    at _resolve (E:\wescalebusiness Website\node_modules\jiti\dist\jiti.js:1:246378)
    at jiti (E:\wescalebusiness Website\node_modules\jiti\dist\jiti.js:1:249092)
    at E:\wescalebusiness Website\tailwind.config.ts:37:13
    at evalModule (E:\wescalebusiness Website\node_modules\jiti\dist\jiti.js:1:251913)
    at jiti (E:\wescalebusiness Website\node_modules\jiti\dist\jiti.js:1:249841)
    at E:\wescalebusiness Website\node_modules\tailwindcss\lib\lib\load-config.js:53:30
    at loadConfig (E:\wescalebusiness Website\node_modules\tailwindcss\lib\lib\load-config.js:55:6)
    at Object.<anonymous> (E:\wescalebusiness Website\node_modules\next\dist\build\webpack\loaders\css-loader\src\index
.js??ruleSet[1].rules[14].oneOf[12].use[2]!E:\wescalebusiness Website\node_modules\next\dist\build\webpack\loaders\post
css-loader\src\index.js??ruleSet[1].rules[14].oneOf[12].use[3]!E:\wescalebusiness Website\src\app\globals.css:1:7)
    at E:\wescalebusiness Website\node_modules\next\dist\compiled\webpack\bundle5.js:28:922493
    at Hook.eval [as call] (eval at create (E:\wescalebusiness 
Website\node_modules\next\dist\compiled\webpack\bundle5.js:13:28636), <anonymous>:7:1)
    at Hook.CALL_DELEGATE [as _call] (E:\wescalebusiness 
Website\node_modules\next\dist\compiled\webpack\bundle5.js:13:25906)
    at E:\wescalebusiness Website\node_modules\next\dist\compiled\webpack\bundle5.js:28:131198
    at tryRunOrWebpackError (E:\wescalebusiness Website\node_modules\next\dist\compiled\webpack\bundle5.js:28:312943)
    at __webpack_require_module__ (E:\wescalebusiness 
Website\node_modules\next\dist\compiled\webpack\bundle5.js:28:131165)
    at __nested_webpack_require_153728__ (E:\wescalebusiness 
Website\node_modules\next\dist\compiled\webpack\bundle5.js:28:130607)
    at E:\wescalebusiness Website\node_modules\next\dist\compiled\webpack\bundle5.js:28:131454
    at symbolIterator (E:\wescalebusiness Website\node_modules\next\dist\compiled\neo-async\async.js:1:14444)

Generated code for E:\wescalebusiness Website\node_modules\next\dist\build\webpack\loaders\css-loader\src\index.js??rul
eSet[1].rules[14].oneOf[12].use[2]!E:\wescalebusiness Website\node_modules\next\dist\build\webpack\loaders\postcss-load
er\src\index.js??ruleSet[1].rules[14].oneOf[12].use[3]!E:\wescalebusiness Website\src\app\globals.css

Import trace for requested module:
./src/app/globals.css


> Build failed because of webpack errors
